[16/8/2026, 10:43:48 pm] [INFO] Initiating SSH connection to skts@192.168.1.102...
[INFO] Target Command: java -jar "/home/skts/IS Migration/Migration_Tools/CaseMigration/caseingestion-0.0.1.jar"
[INFO] Target System: PostgreSQL (Case Migration)
[INFO] Remote Log File: /var/log/truemigrate/case_default_dfds.log
--------------------------------------------------------------------------------
[16/8/2026, 10:43:48 pm] [INFO] SSH Connection Established cleanly with skts@192.168.1.102!
[INFO] Spawning remote process execution...
[17:14:01] Initializing TrueMigrator Case Ingestion Engine...
[17:14:01] Loading Spring Services & System Drivers...
[INIT] Created JSON output directory: /home/skts/IS Migration/Migration_Tools/CaseMigration/Metadata-Json-Files
[17:14:24] Testing connection to PostgreSQL Database...
[17:14:27] SUCCESS: Connected to Database successfully!
[17:14:27] Testing connection to FileNet CEWS at https://192.168.1.104:9443/wsi/FNCEWS40MTOM/...
[17:14:33] SUCCESS: Connected to FileNet successfully!
[-----------------------------------] Progress: 0/100
[-----------------------------------] Progress: 1/100
[-----------------------------------] Progress: 2/100
[=>---------------------------------] Progress: 3/100
[=>---------------------------------] Progress: 4/100
[=>---------------------------------] Progress: 5/100
[==>--------------------------------] Progress: 6/100
[==>--------------------------------] Progress: 7/100
[==>--------------------------------] Progress: 8/100
[===>-------------------------------] Progress: 9/100
[===>-------------------------------] Progress: 10/100
[===>-------------------------------] Progress: 11/100
[====>------------------------------] Progress: 12/100
[====>------------------------------] Progress: 13/100
[====>------------------------------] Progress: 14/100
[=====>-----------------------------] Progress: 15/100
[=====>-----------------------------] Progress: 16/100
[=====>-----------------------------] Progress: 17/100
[======>----------------------------] Progress: 18/100
[======>----------------------------] Progress: 19/100
[=======>---------------------------] Progress: 20/100
[=======>---------------------------] Progress: 21/100
[=======>---------------------------] Progress: 22/100
[========>--------------------------] Progress: 23/100
[========>--------------------------] Progress: 24/100
[========>--------------------------] Progress: 25/100
[=========>-------------------------] Progress: 26/100
[=========>-------------------------] Progress: 27/100
[=========>-------------------------] Progress: 28/100
[==========>------------------------] Progress: 29/100
[==========>------------------------] Progress: 30/100
[==========>------------------------] Progress: 31/100
[===========>-----------------------] Progress: 32/100
[===========>-----------------------] Progress: 33/100
[===========>-----------------------] Progress: 34/100
[============>----------------------] Progress: 35/100
[============>----------------------] Progress: 36/100
[============>----------------------] Progress: 37/100
[=============>---------------------] Progress: 38/100
[=============>---------------------] Progress: 39/100
[==============>--------------------] Progress: 40/100
[==============>--------------------] Progress: 41/100
[==============>--------------------] Progress: 42/100
[===============>-------------------] Progress: 43/100
[===============>-------------------] Progress: 44/100
[===============>-------------------] Progress: 45/100
[================>------------------] Progress: 46/100
[================>------------------] Progress: 47/100
[================>------------------] Progress: 48/100
[=================>-----------------] Progress: 49/100
[=================>-----------------] Progress: 50/100
[=================>-----------------] Progress: 51/100
[==================>----------------] Progress: 52/100
[==================>----------------] Progress: 53/100
[==================>----------------] Progress: 54/100
[===================>---------------] Progress: 55/100
[===================>---------------] Progress: 56/100
[===================>---------------] Progress: 57/100
[====================>--------------] Progress: 58/100
[====================>--------------] Progress: 59/100
[=====================>-------------] Progress: 60/100
[=====================>-------------] Progress: 61/100
[=====================>-------------] Progress: 62/100
[======================>------------] Progress: 63/100
[======================>------------] Progress: 64/100
[======================>------------] Progress: 65/100
[=======================>-----------] Progress: 66/100
[=======================>-----------] Progress: 67/100
[=======================>-----------] Progress: 68/100
[========================>----------] Progress: 69/100
[========================>----------] Progress: 70/100
[========================>----------] Progress: 71/100
[=========================>---------] Progress: 72/100
[=========================>---------] Progress: 73/100
[=========================>---------] Progress: 74/100
[==========================>--------] Progress: 75/100
[==========================>--------] Progress: 76/100
[==========================>--------] Progress: 77/100
[===========================>-------] Progress: 78/100
[===========================>-------] Progress: 79/100
[============================>------] Progress: 80/100
[============================>------] Progress: 81/100
[============================>------] Progress: 82/100
[=============================>-----] Progress: 83/100
[=============================>-----] Progress: 84/100
[=============================>-----] Progress: 85/100
[==============================>----] Progress: 86/100
[==============================>----] Progress: 87/100
[==============================>----] Progress: 88/100
[===============================>---] Progress: 89/100
[===============================>---] Progress: 90/100
[===============================>---] Progress: 91/100
[================================>--] Progress: 92/100
[================================>--] Progress: 93/100
[================================>--] Progress: 94/100
[=================================>-] Progress: 95/100
[=================================>-] Progress: 96/100
[=================================>-] Progress: 97/100
[==================================>] Progress: 98/100
[==================================>] Progress: 99/100
[===================================] Progress: 100/100
[===================================] Progress: 100/100
[-----------------------------------] Progress: 100/200
[-----------------------------------] Progress: 101/200
[-----------------------------------] Progress: 102/200
[=>---------------------------------] Progress: 103/200
[=>---------------------------------] Progress: 104/200
[=>---------------------------------] Progress: 105/200
[==>--------------------------------] Progress: 106/200
[==>--------------------------------] Progress: 107/200
[==>--------------------------------] Progress: 108/200
[===>-------------------------------] Progress: 109/200
[===>-------------------------------] Progress: 110/200
[===>-------------------------------] Progress: 111/200
[====>------------------------------] Progress: 112/200
[====>------------------------------] Progress: 113/200
[====>------------------------------] Progress: 114/200
[=====>-----------------------------] Progress: 115/200
[=====>-----------------------------] Progress: 116/200
[=====>-----------------------------] Progress: 117/200
[======>----------------------------] Progress: 118/200
[======>----------------------------] Progress: 119/200
[=======>---------------------------] Progress: 120/200
[=======>---------------------------] Progress: 121/200
[=======>---------------------------] Progress: 122/200
[========>--------------------------] Progress: 123/200
[========>--------------------------] Progress: 124/200
[========>--------------------------] Progress: 125/200
[=========>-------------------------] Progress: 126/200
[=========>-------------------------] Progress: 127/200
[=========>-------------------------] Progress: 128/200
[==========>------------------------] Progress: 129/200
[==========>------------------------] Progress: 130/200
[==========>------------------------] Progress: 131/200
[===========>-----------------------] Progress: 132/200
[===========>-----------------------] Progress: 133/200
[===========>-----------------------] Progress: 134/200
[============>----------------------] Progress: 135/200
[============>----------------------] Progress: 136/200
[============>----------------------] Progress: 137/200
[=============>---------------------] Progress: 138/200
[=============>---------------------] Progress: 139/200
[==============>--------------------] Progress: 140/200
[==============>--------------------] Progress: 141/200
[==============>--------------------] Progress: 142/200
[===============>-------------------] Progress: 143/200
[===============>-------------------] Progress: 144/200
[===============>-------------------] Progress: 145/200
[================>------------------] Progress: 146/200
[================>------------------] Progress: 147/200
[================>------------------] Progress: 148/200
[=================>-----------------] Progress: 149/200
[=================>-----------------] Progress: 150/200
[=================>-----------------] Progress: 151/200
[==================>----------------] Progress: 152/200
[==================>----------------] Progress: 153/200
[==================>----------------] Progress: 154/200
[===================>---------------] Progress: 155/200
[===================>---------------] Progress: 156/200
[===================>---------------] Progress: 157/200
[====================>--------------] Progress: 158/200
[====================>--------------] Progress: 159/200
[=====================>-------------] Progress: 160/200
[=====================>-------------] Progress: 161/200
[=====================>-------------] Progress: 162/200
[======================>------------] Progress: 163/200
[======================>------------] Progress: 164/200
[======================>------------] Progress: 165/200
[=======================>-----------] Progress: 166/200
[=======================>-----------] Progress: 167/200
[=======================>-----------] Progress: 168/200
[========================>----------] Progress: 169/200
[========================>----------] Progress: 170/200
[========================>----------] Progress: 171/200
[=========================>---------] Progress: 172/200
[=========================>---------] Progress: 173/200
[=========================>---------] Progress: 174/200
[==========================>--------] Progress: 175/200
[==========================>--------] Progress: 176/200
[==========================>--------] Progress: 177/200
[===========================>-------] Progress: 178/200
[===========================>-------] Progress: 179/200
[============================>------] Progress: 180/200
[============================>------] Progress: 181/200
[============================>------] Progress: 182/200
[=============================>-----] Progress: 183/200
[=============================>-----] Progress: 184/200
[=============================>-----] Progress: 185/200
[==============================>----] Progress: 186/200
[==============================>----] Progress: 187/200
[==============================>----] Progress: 188/200
[===============================>---] Progress: 189/200
[===============================>---] Progress: 190/200
[===============================>---] Progress: 191/200
[================================>--] Progress: 192/200
[================================>--] Progress: 193/200
[================================>--] Progress: 194/200
[=================================>-] Progress: 195/200
[=================================>-] Progress: 196/200
[=================================>-] Progress: 197/200
[==================================>] Progress: 198/200
[==================================>] Progress: 199/200
[===================================] Progress: 200/200
[===================================] Progress: 200/200
[-----------------------------------] Progress: 200/300
[-----------------------------------] Progress: 201/300
[-----------------------------------] Progress: 202/300
[=>---------------------------------] Progress: 203/300
[=>---------------------------------] Progress: 204/300
[=>---------------------------------] Progress: 205/300
[==>--------------------------------] Progress: 206/300
[==>--------------------------------] Progress: 207/300
[==>--------------------------------] Progress: 208/300
[===>-------------------------------] Progress: 209/300
[===>-------------------------------] Progress: 210/300
[===>-------------------------------] Progress: 211/300
[====>------------------------------] Progress: 212/300
[====>------------------------------] Progress: 213/300
[====>------------------------------] Progress: 214/300
[=====>-----------------------------] Progress: 215/300
[=====>-----------------------------] Progress: 216/300
[=====>-----------------------------] Progress: 217/300
[======>----------------------------] Progress: 218/300
[======>----------------------------] Progress: 219/300
[=======>---------------------------] Progress: 220/300
[=======>---------------------------] Progress: 221/300
[=======>---------------------------] Progress: 222/300
[========>--------------------------] Progress: 223/300
[========>--------------------------] Progress: 224/300
[========>--------------------------] Progress: 225/300
[=========>-------------------------] Progress: 226/300
[=========>-------------------------] Progress: 227/300
[=========>-------------------------] Progress: 228/300
[==========>------------------------] Progress: 229/300
[==========>------------------------] Progress: 230/300
[==========>------------------------] Progress: 231/300
[===========>-----------------------] Progress: 232/300
[===========>-----------------------] Progress: 233/300
[===========>-----------------------] Progress: 234/300
[============>----------------------] Progress: 235/300
[============>----------------------] Progress: 236/300
[============>----------------------] Progress: 237/300
[=============>---------------------] Progress: 238/300
[=============>---------------------] Progress: 239/300
[==============>--------------------] Progress: 240/300
[==============>--------------------] Progress: 241/300
[==============>--------------------] Progress: 242/300
[===============>-------------------] Progress: 243/300
[===============>-------------------] Progress: 244/300
[===============>-------------------] Progress: 245/300
[================>------------------] Progress: 246/300
[================>------------------] Progress: 247/300
[================>------------------] Progress: 248/300
[=================>-----------------] Progress: 249/300
[=================>-----------------] Progress: 250/300
[=================>-----------------] Progress: 251/300
[==================>----------------] Progress: 252/300
[==================>----------------] Progress: 253/300
[==================>----------------] Progress: 254/300
[===================>---------------] Progress: 255/300
[===================>---------------] Progress: 256/300
[===================>---------------] Progress: 257/300
[====================>--------------] Progress: 258/300
[====================>--------------] Progress: 259/300
[=====================>-------------] Progress: 260/300
[=====================>-------------] Progress: 261/300
[=====================>-------------] Progress: 262/300
[======================>------------] Progress: 263/300
[======================>------------] Progress: 264/300
[======================>------------] Progress: 265/300
[=======================>-----------] Progress: 266/300
[=======================>-----------] Progress: 267/300
[=======================>-----------] Progress: 268/300
[========================>----------] Progress: 269/300
[========================>----------] Progress: 270/300
[========================>----------] Progress: 271/300
[=========================>---------] Progress: 272/300
[=========================>---------] Progress: 273/300
[=========================>---------] Progress: 274/300
[==========================>--------] Progress: 275/300
[==========================>--------] Progress: 276/300
[==========================>--------] Progress: 277/300
[===========================>-------] Progress: 278/300
[===========================>-------] Progress: 279/300
[============================>------] Progress: 280/300
[============================>------] Progress: 281/300
[============================>------] Progress: 282/300
[=============================>-----] Progress: 283/300
[=============================>-----] Progress: 284/300
[=============================>-----] Progress: 285/300
[==============================>----] Progress: 286/300
[==============================>----] Progress: 287/300
[==============================>----] Progress: 288/300
[===============================>---] Progress: 289/300
[===============================>---] Progress: 290/300
[===============================>---] Progress: 291/300
[================================>--] Progress: 292/300
[================================>--] Progress: 293/300
[================================>--] Progress: 294/300
[=================================>-] Progress: 295/300
[=================================>-] Progress: 296/300
[=================================>-] Progress: 297/300
[==================================>] Progress: 298/300
[==================================>] Progress: 299/300
[===================================] Progress: 300/300
[===================================] Progress: 300/300
[-----------------------------------] Progress: 300/400
[-----------------------------------] Progress: 301/400
[-----------------------------------] Progress: 302/400
[=>---------------------------------] Progress: 303/400
[=>---------------------------------] Progress: 304/400
[=>---------------------------------] Progress: 305/400
[==>--------------------------------] Progress: 306/400
[==>--------------------------------] Progress: 307/400
[==>--------------------------------] Progress: 308/400
[===>-------------------------------] Progress: 309/400
[===>-------------------------------] Progress: 310/400
[===>-------------------------------] Progress: 311/400
[====>------------------------------] Progress: 312/400
[====>------------------------------] Progress: 313/400
[====>------------------------------] Progress: 314/400
[=====>-----------------------------] Progress: 315/400
[=====>-----------------------------] Progress: 316/400
[=====>-----------------------------] Progress: 317/400
[======>----------------------------] Progress: 318/400
[======>----------------------------] Progress: 319/400
[=======>---------------------------] Progress: 320/400
[=======>---------------------------] Progress: 321/400
[=======>---------------------------] Progress: 322/400
[========>--------------------------] Progress: 323/400
[========>--------------------------] Progress: 324/400
[========>--------------------------] Progress: 325/400
[=========>-------------------------] Progress: 326/400
[=========>-------------------------] Progress: 327/400
[=========>-------------------------] Progress: 328/400
[==========>------------------------] Progress: 329/400
[==========>------------------------] Progress: 330/400
[==========>------------------------] Progress: 331/400
[===========>-----------------------] Progress: 332/400
[===========>-----------------------] Progress: 333/400
[===========>-----------------------] Progress: 334/400
[============>----------------------] Progress: 335/400
[============>----------------------] Progress: 336/400
[============>----------------------] Progress: 337/400
[=============>---------------------] Progress: 338/400
[=============>---------------------] Progress: 339/400
[==============>--------------------] Progress: 340/400
[==============>--------------------] Progress: 341/400
[==============>--------------------] Progress: 342/400
[===============>-------------------] Progress: 343/400
[===============>-------------------] Progress: 344/400
[===============>-------------------] Progress: 345/400
[================>------------------] Progress: 346/400
[================>------------------] Progress: 347/400
[================>------------------] Progress: 348/400
[=================>-----------------] Progress: 349/400
[=================>-----------------] Progress: 350/400
[=================>-----------------] Progress: 351/400
[==================>----------------] Progress: 352/400
[==================>----------------] Progress: 353/400
[==================>----------------] Progress: 354/400
[===================>---------------] Progress: 355/400
[===================>---------------] Progress: 356/400
[===================>---------------] Progress: 357/400
[====================>--------------] Progress: 358/400
[====================>--------------] Progress: 359/400
[=====================>-------------] Progress: 360/400
[=====================>-------------] Progress: 361/400
[=====================>-------------] Progress: 362/400
[======================>------------] Progress: 363/400
[======================>------------] Progress: 364/400
[======================>------------] Progress: 365/400
[=======================>-----------] Progress: 366/400
[=======================>-----------] Progress: 367/400
[=======================>-----------] Progress: 368/400
[========================>----------] Progress: 369/400
[========================>----------] Progress: 370/400
[========================>----------] Progress: 371/400
[=========================>---------] Progress: 372/400
[=========================>---------] Progress: 373/400
[=========================>---------] Progress: 374/400
[==========================>--------] Progress: 375/400
[==========================>--------] Progress: 376/400
[==========================>--------] Progress: 377/400
[===========================>-------] Progress: 378/400
[===========================>-------] Progress: 379/400
[============================>------] Progress: 380/400
[============================>------] Progress: 381/400
[============================>------] Progress: 382/400
[=============================>-----] Progress: 383/400
[=============================>-----] Progress: 384/400
[=============================>-----] Progress: 385/400
[==============================>----] Progress: 386/400
[==============================>----] Progress: 387/400
[==============================>----] Progress: 388/400
[===============================>---] Progress: 389/400
[===============================>---] Progress: 390/400
[===============================>---] Progress: 391/400
[================================>--] Progress: 392/400
[================================>--] Progress: 393/400
[================================>--] Progress: 394/400
[=================================>-] Progress: 395/400
[=================================>-] Progress: 396/400
[=================================>-] Progress: 397/400
[==================================>] Progress: 398/400
[==================================>] Progress: 399/400
[===================================] Progress: 400/400
[===================================] Progress: 400/400
[-----------------------------------] Progress: 400/500
[-----------------------------------] Progress: 401/500
[-----------------------------------] Progress: 402/500
[=>---------------------------------] Progress: 403/500
[=>---------------------------------] Progress: 404/500
[=>---------------------------------] Progress: 405/500
[==>--------------------------------] Progress: 406/500
[==>--------------------------------] Progress: 407/500
[==>--------------------------------] Progress: 408/500
[===>-------------------------------] Progress: 409/500
[===>-------------------------------] Progress: 410/500
[===>-------------------------------] Progress: 411/500
[====>------------------------------] Progress: 412/500
[====>------------------------------] Progress: 413/500
[====>------------------------------] Progress: 414/500
[=====>-----------------------------] Progress: 415/500
[=====>-----------------------------] Progress: 416/500
[=====>-----------------------------] Progress: 417/500
[======>----------------------------] Progress: 418/500
[======>----------------------------] Progress: 419/500
[=======>---------------------------] Progress: 420/500
[=======>---------------------------] Progress: 421/500
[=======>---------------------------] Progress: 422/500
[========>--------------------------] Progress: 423/500
[========>--------------------------] Progress: 424/500
[========>--------------------------] Progress: 425/500
[=========>-------------------------] Progress: 426/500
[=========>-------------------------] Progress: 427/500
[=========>-------------------------] Progress: 428/500
[==========>------------------------] Progress: 429/500
[==========>------------------------] Progress: 430/500
[==========>------------------------] Progress: 431/500
[===========>-----------------------] Progress: 432/500
[===========>-----------------------] Progress: 433/500
[===========>-----------------------] Progress: 434/500
[============>----------------------] Progress: 435/500
[============>----------------------] Progress: 436/500
[============>----------------------] Progress: 437/500
[=============>---------------------] Progress: 438/500
[=============>---------------------] Progress: 439/500
[==============>--------------------] Progress: 440/500
[==============>--------------------] Progress: 441/500
[==============>--------------------] Progress: 442/500
[===============>-------------------] Progress: 443/500
[===============>-------------------] Progress: 444/500
[===============>-------------------] Progress: 445/500
[================>------------------] Progress: 446/500
[================>------------------] Progress: 447/500
[================>------------------] Progress: 448/500
[=================>-----------------] Progress: 449/500
[=================>-----------------] Progress: 450/500
[=================>-----------------] Progress: 451/500
[==================>----------------] Progress: 452/500
[==================>----------------] Progress: 453/500
[==================>----------------] Progress: 454/500
[===================>---------------] Progress: 455/500
[===================>---------------] Progress: 456/500
[===================>---------------] Progress: 457/500
[====================>--------------] Progress: 458/500
[====================>--------------] Progress: 459/500
[=====================>-------------] Progress: 460/500
[=====================>-------------] Progress: 461/500
[=====================>-------------] Progress: 462/500
[======================>------------] Progress: 463/500
[======================>------------] Progress: 464/500
[======================>------------] Progress: 465/500
[=======================>-----------] Progress: 466/500
[=======================>-----------] Progress: 467/500
[=======================>-----------] Progress: 468/500
[========================>----------] Progress: 469/500
[========================>----------] Progress: 470/500
[========================>----------] Progress: 471/500
[=========================>---------] Progress: 472/500
[=========================>---------] Progress: 473/500
[=========================>---------] Progress: 474/500
[==========================>--------] Progress: 475/500
[==========================>--------] Progress: 476/500
[==========================>--------] Progress: 477/500
[===========================>-------] Progress: 478/500
[===========================>-------] Progress: 479/500
[============================>------] Progress: 480/500
[============================>------] Progress: 481/500
[============================>------] Progress: 482/500
[=============================>-----] Progress: 483/500
[=============================>-----] Progress: 484/500
[=============================>-----] Progress: 485/500
[==============================>----] Progress: 486/500
[==============================>----] Progress: 487/500
[==============================>----] Progress: 488/500
[===============================>---] Progress: 489/500
[===============================>---] Progress: 490/500
[===============================>---] Progress: 491/500
[================================>--] Progress: 492/500
[================================>--] Progress: 493/500
[================================>--] Progress: 494/500
[=================================>-] Progress: 495/500
[=================================>-] Progress: 496/500
[=================================>-] Progress: 497/500
[==================================>] Progress: 498/500
[==================================>] Progress: 499/500
[===================================] Progress: 500/500
[===================================] Progress: 500/500
[-----------------------------------] Progress: 500/600
[-----------------------------------] Progress: 501/600
[-----------------------------------] Progress: 502/600
[=>---------------------------------] Progress: 503/600
[=>---------------------------------] Progress: 504/600
[=>---------------------------------] Progress: 505/600
[==>--------------------------------] Progress: 506/600
[==>--------------------------------] Progress: 507/600
[==>--------------------------------] Progress: 508/600
[===>-------------------------------] Progress: 509/600
[===>-------------------------------] Progress: 510/600
[===>-------------------------------] Progress: 511/600
[====>------------------------------] Progress: 512/600
[====>------------------------------] Progress: 513/600
[====>------------------------------] Progress: 514/600
[=====>-----------------------------] Progress: 515/600
[=====>-----------------------------] Progress: 516/600
[=====>-----------------------------] Progress: 517/600
[======>----------------------------] Progress: 518/600
[======>----------------------------] Progress: 519/600
[=======>---------------------------] Progress: 520/600
[=======>---------------------------] Progress: 521/600
[=======>---------------------------] Progress: 522/600
[========>--------------------------] Progress: 523/600
[========>--------------------------] Progress: 524/600
[========>--------------------------] Progress: 525/600
[=========>-------------------------] Progress: 526/600
[=========>-------------------------] Progress: 527/600
[=========>-------------------------] Progress: 528/600
[==========>------------------------] Progress: 529/600
[==========>------------------------] Progress: 530/600
[==========>------------------------] Progress: 531/600
[===========>-----------------------] Progress: 532/600
[===========>-----------------------] Progress: 533/600
[===========>-----------------------] Progress: 534/600
[============>----------------------] Progress: 535/600
[============>----------------------] Progress: 536/600
[============>----------------------] Progress: 537/600
[=============>---------------------] Progress: 538/600
[=============>---------------------] Progress: 539/600
[==============>--------------------] Progress: 540/600
[==============>--------------------] Progress: 541/600
[==============>--------------------] Progress: 542/600
[===============>-------------------] Progress: 543/600
[===============>-------------------] Progress: 544/600
[===============>-------------------] Progress: 545/600
[================>------------------] Progress: 546/600
[================>------------------] Progress: 547/600
[================>------------------] Progress: 548/600
[=================>-----------------] Progress: 549/600
[=================>-----------------] Progress: 550/600
[=================>-----------------] Progress: 551/600
[==================>----------------] Progress: 552/600
[==================>----------------] Progress: 553/600
[==================>----------------] Progress: 554/600
[===================>---------------] Progress: 555/600
[===================>---------------] Progress: 556/600
[===================>---------------] Progress: 557/600
[====================>--------------] Progress: 558/600
[====================>--------------] Progress: 559/600
[=====================>-------------] Progress: 560/600
[=====================>-------------] Progress: 561/600
[=====================>-------------] Progress: 562/600
[======================>------------] Progress: 563/600
[======================>------------] Progress: 564/600
[======================>------------] Progress: 565/600
[=======================>-----------] Progress: 566/600
[=======================>-----------] Progress: 567/600
[=======================>-----------] Progress: 568/600
[========================>----------] Progress: 569/600
[========================>----------] Progress: 570/600
[========================>----------] Progress: 571/600
[=========================>---------] Progress: 572/600
[=========================>---------] Progress: 573/600
[=========================>---------] Progress: 574/600
[==========================>--------] Progress: 575/600
[==========================>--------] Progress: 576/600
[==========================>--------] Progress: 577/600
[===========================>-------] Progress: 578/600
[===========================>-------] Progress: 579/600
[============================>------] Progress: 580/600
[============================>------] Progress: 581/600
[============================>------] Progress: 582/600
[=============================>-----] Progress: 583/600
[=============================>-----] Progress: 584/600
[=============================>-----] Progress: 585/600
[==============================>----] Progress: 586/600
[==============================>----] Progress: 587/600
[==============================>----] Progress: 588/600
[===============================>---] Progress: 589/600
[===============================>---] Progress: 590/600
[===============================>---] Progress: 591/600
[================================>--] Progress: 592/600
[================================>--] Progress: 593/600
[================================>--] Progress: 594/600
[=================================>-] Progress: 595/600
[=================================>-] Progress: 596/600
[=================================>-] Progress: 597/600
[==================================>] Progress: 598/600
[==================================>] Progress: 599/600
[===================================] Progress: 600/600
[===================================] Progress: 600/600
[-----------------------------------] Progress: 600/700
[-----------------------------------] Progress: 601/700
[-----------------------------------] Progress: 602/700
[=>---------------------------------] Progress: 603/700
[=>---------------------------------] Progress: 604/700
[=>---------------------------------] Progress: 605/700
[==>--------------------------------] Progress: 606/700
[==>--------------------------------] Progress: 607/700
[==>--------------------------------] Progress: 608/700
[===>-------------------------------] Progress: 609/700
[===>-------------------------------] Progress: 610/700
[===>-------------------------------] Progress: 611/700
[====>------------------------------] Progress: 612/700
[====>------------------------------] Progress: 613/700
[====>------------------------------] Progress: 614/700
[=====>-----------------------------] Progress: 615/700
[=====>-----------------------------] Progress: 616/700
[=====>-----------------------------] Progress: 617/700
[======>----------------------------] Progress: 618/700
[======>----------------------------] Progress: 619/700
[=======>---------------------------] Progress: 620/700
[=======>---------------------------] Progress: 621/700
[=======>---------------------------] Progress: 622/700
[========>--------------------------] Progress: 623/700
[========>--------------------------] Progress: 624/700
[========>--------------------------] Progress: 625/700
[=========>-------------------------] Progress: 626/700
[=========>-------------------------] Progress: 627/700
[=========>-------------------------] Progress: 628/700
[==========>------------------------] Progress: 629/700
[==========>------------------------] Progress: 630/700
[==========>------------------------] Progress: 631/700
[===========>-----------------------] Progress: 632/700
[===========>-----------------------] Progress: 633/700
[===========>-----------------------] Progress: 634/700
[============>----------------------] Progress: 635/700
[============>----------------------] Progress: 636/700
[============>----------------------] Progress: 637/700
[=============>---------------------] Progress: 638/700
[=============>---------------------] Progress: 639/700
[==============>--------------------] Progress: 640/700
[==============>--------------------] Progress: 641/700
[==============>--------------------] Progress: 642/700
[===============>-------------------] Progress: 643/700
[===============>-------------------] Progress: 644/700
[===============>-------------------] Progress: 645/700
[================>------------------] Progress: 646/700
[================>------------------] Progress: 647/700
[================>------------------] Progress: 648/700
[=================>-----------------] Progress: 649/700
[=================>-----------------] Progress: 650/700
[=================>-----------------] Progress: 651/700

--------------------------------------------------------------------------------
[16/8/2026, 10:48:51 pm] [INFO] SSH Remote Process exited with code undefined (FAILED).
