[17/8/2026, 1:24:11 am] [INFO] Initiating SSH connection to skts@192.168.1.243...
[INFO] Target Command: dotnet TrueMigrator.dll status=Failed startdate=11-08-2026 enddate=14-08-2026
[INFO] Target System: FileNet P8
--------------------------------------------------------------------------------
[17/8/2026, 1:24:11 am] [INFO] SSH Connection Established cleanly with skts@192.168.1.243!
[INFO] Spawning remote process execution...
[INFO] Remote Process PID: 114684
[?1h=[19:54:13] Testing connection to PostgreSQL Database...
[19:54:14] SUCCESS: Connected to Database successfully!
[19:54:14] Testing connection to FileNet CEWS at https://192.168.1.104:9443/wsi/FNCEWS40MTOM/...
[19:54:14] SUCCESS: Connected to FileNet successfully!
[====------------------------------------] Progress: 1/10                      Error in WCF ExecuteChanges for Document: A required property value has not been set. Required property PolicyNumber is missing.
[================------------------------] Progress: 4/10                      Error in WCF ExecuteChanges for Document: The value given for a property or list element lies outside the permitted range or value set, or exceeds the maximum length allowed. The length of the value (9) specified for property AgentID exceeds the maximum permitted length (8).
[========================================] Progress: 11/11                     
Migration completed for all available records!
[====================--------------------] Progress: 12/13                     Error in WCF ExecuteChanges for Document: A required property value has not been set. Required property PolicyNumber is missing.
[========================================] Progress: 13/13                     Error in WCF ExecuteChanges for Document: The value given for a property or list element lies outside the permitted range or value set, or exceeds the maximum length allowed. The length of the value (9) specified for property AgentID exceeds the maximum permitted length (8).

Migration completed for all available records!
[====================--------------------] Progress: 14/15                     Error in WCF ExecuteChanges for Document: A required property value has not been set. Required property PolicyNumber is missing.
[========================================] Progress: 15/15                     Error in WCF ExecuteChanges for Document: The value given for a property or list element lies outside the permitted range or value set, or exceeds the maximum length allowed. The length of the value (9) specified for property AgentID exceeds the maximum permitted length (8).

Migration completed for all available records!
bash: line 1: 114684 Killed                  cd "/home/skts/IS Migration/Migration_Tools/TrueMigrator" && dotnet TrueMigrator.dll status=Failed startdate=11-08-2026 enddate=14-08-2026

--------------------------------------------------------------------------------
[17/8/2026, 1:31:16 am] [INFO] SSH Remote Process exited with code 137 (FAILED).
